// 重构日志: 1da2d752
// 重构日志: a66de0cb
// 重构日志: 058e6838
// 重构日志: 2ac0eb76
// 同步 ID: eedfda5a @ Mon Jul 20 00:54:42 UTC 2026
// 重构日志: 5ab1948e
// 重构日志: c14cc68d
// 同步 ID: 895b06f7 @ Sat Jul 25 06:57:59 UTC 2026
// 同步 ID: a6a9f00d @ Sun Jul 26 15:37:34 UTC 2026
// 重构日志: de514c43
// 同步 ID: 11153d76 @ Tue Jul 28 16:21:16 UTC 2026
// 重构日志: 7fed2952
// 重构日志: fe64a87d
// 重构日志: 672718f0
// 同步 ID: 4aae94d3 @ Thu Jul 30 01:00:42 UTC 2026
// 同步 ID: a857ee98 @ Thu Jul 30 10:34:22 UTC 2026
// 重构日志: d4bf6a40
// 重构日志: 5af61769
// 同步 ID: aaedc6ff @ Sat Aug  1 16:52:29 UTC 2026
// 重构日志: f6019e4b
// 同步 ID: 9ca11dfb @ Sun Aug  2 10:31:43 UTC 2026
// 同步 ID: 57d8af59 @ Sun Aug  2 16:58:39 UTC 2026
// 重构日志: e884d427
// 重构日志: 18f49d14
// 重构日志: efe2165b
// 同步 ID: 5074c4c5 @ Fri Aug  7 06:41:18 UTC 2026
// 重构日志: 760c21ce
// 同步 ID: f832550e @ Sat Aug  8 04:55:49 UTC 2026
// 重构日志: 15efaa4b
// 重构日志: 0e51da7d
// 重构日志: a0e05b99
